// Jest Snapshot v1, https://goo.gl/fbAQLP

exports[`SearchResults should render 1`] = `
<Fragment>
  <styled.div>
    <div>
      <styled.div>
        <h2
          className="title"
        >
          Showing results for Tea
        </h2>
        <styled.p
          className="no-of-results"
        >
          1 to 2 of 200
        </styled.p>
      </styled.div>
      <p
        className="ema-message"
      >
        If the product information you are seeking does not appear below, it is possible that the product holds a European licence and its information may be available at the 
        <a
          href="https://www.ema.europa.eu/en"
          target="_blank"
        >
          European Medicines Agency
        </a>
         website.
      </p>
      <p>
        Before a medicine can be sold in the UK, a number of licences are essential. Products with a UK marketing authorisation have a licence number in the format ‘PL 12345/0001’, ‘PLGB 12345/0002’ or ‘PLNI 12345/0003’. The licence number can be found on the packaging of the product and the first 2 characters are always contain the letters ‘PL’.
      </p>
      <p>
        You can identify the product in the list below using the PL, PLGB, PLNI, THR, THRGB, THRNI, NR, NRGB or NRNI number.
      </p>
      <p>
        The information about a medicine will be updated when new evidence becomes available. This may mean that there are differences between the information in the pack and the information here. The most up-to-date information will be available on this site.
      </p>
    </div>
    <div
      className="row"
    >
      <div
        className="column filter"
      >
        <SearchFilter
          currentlyEnabledDocTypes={Array []}
          currentlyEnabledTerritoryTypes={Array []}
          rerouteType={0}
          updatePageFilters={[Function]}
        />
      </div>
      <section
        className="column results"
      >
        <styled.h3>
          Search results
        </styled.h3>
        <dl>
          <div
            className="search-result"
            key="0"
          >
            <dt
              className="left"
            >
              <p
                className="icon"
              >
                STRING
              </p>
            </dt>
            <dd
              className="right"
            >
              <a
                className="doc-type-string"
                href="string"
              >
                <p
                  className="title"
                >
                  string
                </p>
                <p
                  className="subtitle"
                >
                  string
                </p>
              </a>
              <p
                className="metadata"
              >
                File size: 
                string
                 KB
              </p>
              <p
                className="metadata"
              >
                Active substances:
                 
                Tea, Coffee
              </p>
              <p
                className="context"
                dangerouslySetInnerHTML={
                  Object {
                    "__html": "string",
                  }
                }
              />
            </dd>
          </div>
          <div
            className="search-result"
            key="1"
          >
            <dt
              className="left"
            >
              <p
                className="icon"
              >
                STRING
              </p>
            </dt>
            <dd
              className="right"
            >
              <a
                className="doc-type-string"
                href="string"
              >
                <p
                  className="title"
                >
                  string
                </p>
                <p
                  className="subtitle"
                >
                  string
                </p>
              </a>
              <p
                className="metadata"
              >
                File size: 
                string
                 KB
              </p>
              <p
                className="metadata"
              >
                Active substances:
                 
                Tea, Coffee
              </p>
              <p
                className="context"
                dangerouslySetInnerHTML={
                  Object {
                    "__html": "string",
                  }
                }
              />
            </dd>
          </div>
        </dl>
      </section>
    </div>
  </styled.div>
  <Pagination
    currentPage={1}
    handlePageChange={[Function]}
    pageSize={20}
    resultCount={200}
    searchTerm="Tea"
  />
</Fragment>
`;

exports[`SearchResults should render error message 1`] = `
<styled.div>
  <styled.p>
    Sorry - the site is experiencing technical issues right now. Please try again later.
  </styled.p>
</styled.div>
`;

exports[`SearchResults should render loading page 1`] = `
<styled.div>
  <h2
    className="title"
  >
    Loading results for Tea...
  </h2>
</styled.div>
`;
