// Jest Snapshot v1, https://goo.gl/fbAQLP

exports[`Footer should render 1`] = `
<styled.footer>
  <div
    className="wrapper"
  >
    <picture>
      <SvgAgencyDigitalLogo />
    </picture>
    <nav>
      <ul>
        <li>
          <p>
            <Link
              href="/cookies"
            >
              <a>
                Cookie Policy
              </a>
            </Link>
          </p>
        </li>
        <li>
          <p>
            <a
              href="https://www.gov.uk/government/publications/mhra-privacy-notice/mhra-privacy-notice"
              rel="noopener noreferrer"
            >
              Privacy Policy
            </a>
          </p>
        </li>
        <li>
          <p>
            <Link
              href="/accessibility"
            >
              <a>
                Accessibility Statement
              </a>
            </Link>
          </p>
        </li>
        <li>
          <p>
            <Link
              href="/about"
            >
              <a>
                About this service
              </a>
            </Link>
          </p>
        </li>
      </ul>
    </nav>
  </div>
</styled.footer>
`;
